- main:
  - img "Porsche"
  - heading "AI Assistant Widget" [level=1]
- button "open / close ai assistant" [expanded]
- complementary "AI Assistant":
  - link "Back to chat"
  - link "Start new chat"
  - heading "Porsche Experience Center Hockenheimring" [level=2]
  - paragraph: /Am Motodrom 9-\d+ \d+ Hockenheim/
  - link /\+\d+ \(0\)\d+ \d+ \d+/
  - link "info@porsche.de"
  - heading "Opening hours:" [level=3]
  - paragraph: "/November – March: Monday to Sunday: 8:\\d+ a[\\d,.]+[bkmBKM]+\\. – 6:\\d+ p[\\d,.]+[bkmBKM]+ April – October: Monday to Sunday: 8:\\d+ a[\\d,.]+[bkmBKM]+\\. – 7:\\d+ p[\\d,.]+[bkmBKM]+/"