- main:
  - img "Porsche"
  - heading "Template" [level=1]
  - heading "AI Assistant Widget" [level=2]
  - paragraph:
    - text: Built with Porsche Design System
    - link "Components":
      - /url: https://designsystem.porsche.com/v3/components/introduction/
    - text: and styled with
    - link "Tailwind CSS":
      - /url: https://designsystem.porsche.com/v3/tailwindcss/introduction/
    - text: . First, get the Porsche Design System
    - link "up & running":
      - /url: https://designsystem.porsche.com/v3/developing/introduction/
    - text: . Then, simply copy the provided markup and styles directly into your project. Only the necessary JavaScript logic requires custom implementation.
  - paragraph: /Â© \d+ Dr\. Ing\. h\.c\. F\. Porsche AG\./
  - heading "Source Code:" [level=3]
  - list:
    - listitem:
      - link "HTML":
        - /url: https://github.com/porsche-design-system/templates/blob/main/src/ai-assistant-widget/index.html
    - listitem:
      - link "CSS":
        - /url: https://github.com/porsche-design-system/templates/blob/main/src/ai-assistant-widget/style.css
    - listitem:
      - link "JS":
        - /url: https://github.com/porsche-design-system/templates/blob/main/src/ai-assistant-widget/main.js
- button "open / close ai assistant" [expanded]
- complementary "AI Assistant":
  - heading "Good to see you. How can I assist you?" [level=2]
  - link "My car is not starting":
    - /url: "#template-chat"
  - link "I lost my charging card":
    - /url: "#template-chat"
  - link "I want to go on a trip to Switzerland":
    - /url: "#template-chat"
  - button "Upload media"
  - status
  - textbox "Message AI Assistant"
  - button "Use microphone"
  - status
  - button "Ask AI Assistant"
  - status
  - link "My inquiries":
    - /url: "#template-my-inquiries"
  - link "Contact":
    - /url: "#template-contact"
  - link "Terms of Use":
    - /url: "#template-terms-of-use"