- main:
  - img "Porsche"
  - heading "AI Assistant Widget" [level=1]
- button "open / close ai assistant" [expanded]
- complementary "AI Assistant":
  - heading "Welcome to Ask Porsche" [level=2]
  - paragraph: Please sign in with your Porsche ID.
  - link "Sign in"